// Jest Snapshot v1, https://goo.gl/fbAQLP

exports[`fetchData fetches successfully data from an API 1`] = `ReactWrapper {}`;
